2.45947e+137
[1730235049.096110] [exp-1-20:3999042:0]      tag_match.c:61   UCX  WARN  unexpected tag-receive descriptor 0x155538cda8c0 was not matched
[1730235049.096121] [exp-1-20:3999042:0]      tag_match.c:61   UCX  WARN  unexpected tag-receive descriptor 0x155538808240 was not matched
[1730235049.096123] [exp-1-20:3999042:0]      tag_match.c:61   UCX  WARN  unexpected tag-receive descriptor 0x1555389a8f40 was not matched
[1730235049.096125] [exp-1-20:3999042:0]      tag_match.c:61   UCX  WARN  unexpected tag-receive descriptor 0x155538746c40 was not matched
[1730235049.096126] [exp-1-20:3999042:0]      tag_match.c:61   UCX  WARN  unexpected tag-receive descriptor 0x155538cea940 was not matched
[1730235049.096127] [exp-1-20:3999042:0]      tag_match.c:61   UCX  WARN  unexpected tag-receive descriptor 0x155538f3bbc0 was not matched
1.07076e+301
