2.45947e+137
[1730235053.902416] [exp-2-55:1041392:0]      tag_match.c:61   UCX  WARN  unexpected tag-receive descriptor 0x15553804f6c0 was not matched
[1730235053.902423] [exp-2-55:1041392:0]      tag_match.c:61   UCX  WARN  unexpected tag-receive descriptor 0x15553815ff40 was not matched
[1730235053.902424] [exp-2-55:1041392:0]      tag_match.c:61   UCX  WARN  unexpected tag-receive descriptor 0x15553803f640 was not matched
[1730235053.902425] [exp-2-55:1041392:0]      tag_match.c:61   UCX  WARN  unexpected tag-receive descriptor 0x1555382d0ac0 was not matched
[1730235053.902426] [exp-2-55:1041392:0]      tag_match.c:61   UCX  WARN  unexpected tag-receive descriptor 0x155538330dc0 was not matched
[1730235053.902427] [exp-2-55:1041392:0]      tag_match.c:61   UCX  WARN  unexpected tag-receive descriptor 0x1555381a0140 was not matched
1.07087e+301
