2.45947e+137
[1730235062.311450] [exp-4-54:1721805:0]      tag_match.c:61   UCX  WARN  unexpected tag-receive descriptor 0x15553928b4c0 was not matched
[1730235062.311468] [exp-4-54:1721805:0]      tag_match.c:61   UCX  WARN  unexpected tag-receive descriptor 0x15553973da40 was not matched
[1730235062.311470] [exp-4-54:1721805:0]      tag_match.c:61   UCX  WARN  unexpected tag-receive descriptor 0x15553972d9c0 was not matched
[1730235062.311471] [exp-4-54:1721805:0]      tag_match.c:61   UCX  WARN  unexpected tag-receive descriptor 0x15553914aac0 was not matched
[1730235062.311472] [exp-4-54:1721805:0]      tag_match.c:61   UCX  WARN  unexpected tag-receive descriptor 0x15553904a2c0 was not matched
[1730235062.311473] [exp-4-54:1721805:0]      tag_match.c:61   UCX  WARN  unexpected tag-receive descriptor 0x15553959cd40 was not matched
1.07129e+301
