2.45947e+137
[1730236616.139188] [exp-2-26:3554686:0]      tag_match.c:61   UCX  WARN  unexpected tag-receive descriptor 0x1555365815c0 was not matched
[1730236616.139196] [exp-2-26:3554686:0]      tag_match.c:61   UCX  WARN  unexpected tag-receive descriptor 0x1555365212c0 was not matched
[1730236616.139198] [exp-2-26:3554686:0]      tag_match.c:61   UCX  WARN  unexpected tag-receive descriptor 0x1555364e10c0 was not matched
[1730236616.139198] [exp-2-26:3554686:0]      tag_match.c:61   UCX  WARN  unexpected tag-receive descriptor 0x1555364009c0 was not matched
[1730236616.139199] [exp-2-26:3554686:0]      tag_match.c:61   UCX  WARN  unexpected tag-receive descriptor 0x1555365011c0 was not matched
[1730236616.139200] [exp-2-26:3554686:0]      tag_match.c:61   UCX  WARN  unexpected tag-receive descriptor 0x155536651c40 was not matched
1.07121e+301
