2.45947e+137
[1730236679.061986] [exp-1-29:2760402:0]      tag_match.c:61   UCX  WARN  unexpected tag-receive descriptor 0x155536258d40 was not matched
[1730236679.061992] [exp-1-29:2760402:0]      tag_match.c:61   UCX  WARN  unexpected tag-receive descriptor 0x155536198740 was not matched
[1730236679.061994] [exp-1-29:2760402:0]      tag_match.c:61   UCX  WARN  unexpected tag-receive descriptor 0x1555360d8140 was not matched
[1730236679.061995] [exp-1-29:2760402:0]      tag_match.c:61   UCX  WARN  unexpected tag-receive descriptor 0x1555360f8240 was not matched
[1730236679.061996] [exp-1-29:2760402:0]      tag_match.c:61   UCX  WARN  unexpected tag-receive descriptor 0x1555361484c0 was not matched
[1730236679.061997] [exp-1-29:2760402:0]      tag_match.c:61   UCX  WARN  unexpected tag-receive descriptor 0x155536027bc0 was not matched
1.07111e+301
