2.45947e+137
[1730236729.850744] [exp-1-20:4001174:0]      tag_match.c:61   UCX  WARN  unexpected tag-receive descriptor 0x155534c11e40 was not matched
[1730236729.850755] [exp-1-20:4001174:0]      tag_match.c:61   UCX  WARN  unexpected tag-receive descriptor 0x155534596b40 was not matched
[1730236729.850757] [exp-1-20:4001174:0]      tag_match.c:61   UCX  WARN  unexpected tag-receive descriptor 0x155534c52040 was not matched
[1730236729.850759] [exp-1-20:4001174:0]      tag_match.c:61   UCX  WARN  unexpected tag-receive descriptor 0x155534b51840 was not matched
[1730236729.850760] [exp-1-20:4001174:0]      tag_match.c:61   UCX  WARN  unexpected tag-receive descriptor 0x155534ca22c0 was not matched
[1730236729.850763] [exp-1-20:4001174:0]      tag_match.c:61   UCX  WARN  unexpected tag-receive descriptor 0x155534ba1ac0 was not matched
1.07113e+301
