2.45947e+137
[1730234420.004689] [exp-1-36:1531271:0]      tag_match.c:61   UCX  WARN  unexpected tag-receive descriptor 0x1555355edc40 was not matched
[1730234420.004696] [exp-1-36:1531271:0]      tag_match.c:61   UCX  WARN  unexpected tag-receive descriptor 0x1555351ebc40 was not matched
[1730234420.004698] [exp-1-36:1531271:0]      tag_match.c:61   UCX  WARN  unexpected tag-receive descriptor 0x15553556d840 was not matched
[1730234420.004699] [exp-1-36:1531271:0]      tag_match.c:61   UCX  WARN  unexpected tag-receive descriptor 0x15553521bdc0 was not matched
[1730234420.004700] [exp-1-36:1531271:0]      tag_match.c:61   UCX  WARN  unexpected tag-receive descriptor 0x15553542ce40 was not matched
[1730234420.004700] [exp-1-36:1531271:0]      tag_match.c:61   UCX  WARN  unexpected tag-receive descriptor 0x1555353ccb40 was not matched
1.07151e+301
