2.45947e+137
[1730234341.242285] [exp-2-30:3637421:0]      tag_match.c:61   UCX  WARN  unexpected tag-receive descriptor 0x155534160bc0 was not matched
[1730234341.242294] [exp-2-30:3637421:0]      tag_match.c:61   UCX  WARN  unexpected tag-receive descriptor 0x1555340a05c0 was not matched
[1730234341.242295] [exp-2-30:3637421:0]      tag_match.c:61   UCX  WARN  unexpected tag-receive descriptor 0x155534170c40 was not matched
[1730234341.242373] [exp-2-30:3637421:0]      tag_match.c:61   UCX  WARN  unexpected tag-receive descriptor 0x1555341209c0 was not matched
[1730234341.242375] [exp-2-30:3637421:0]      tag_match.c:61   UCX  WARN  unexpected tag-receive descriptor 0x1555341d0f40 was not matched
[1730234341.242376] [exp-2-30:3637421:0]      tag_match.c:61   UCX  WARN  unexpected tag-receive descriptor 0x155534030240 was not matched
1.07151e+301
