2.45947e+137
[1730234272.249119] [exp-1-01:2623601:0]      tag_match.c:61   UCX  WARN  unexpected tag-receive descriptor 0x155534f53840 was not matched
[1730234272.249124] [exp-1-01:2623601:0]      tag_match.c:61   UCX  WARN  unexpected tag-receive descriptor 0x155535244fc0 was not matched
[1730234272.249125] [exp-1-01:2623601:0]      tag_match.c:61   UCX  WARN  unexpected tag-receive descriptor 0x1555350640c0 was not matched
[1730234272.249126] [exp-1-01:2623601:0]      tag_match.c:61   UCX  WARN  unexpected tag-receive descriptor 0x1555351648c0 was not matched
[1730234272.249127] [exp-1-01:2623601:0]      tag_match.c:61   UCX  WARN  unexpected tag-receive descriptor 0x155535033f40 was not matched
[1730234272.249128] [exp-1-01:2623601:0]      tag_match.c:61   UCX  WARN  unexpected tag-receive descriptor 0x155535023ec0 was not matched
1.06615e+301
