3.05969e+109
[1729787632.583625] [exp-2-42:586477:0]      tag_match.c:61   UCX  WARN  unexpected tag-receive descriptor 0x155536ed3ec0 was not matched
[1729787632.583631] [exp-2-42:586477:0]      tag_match.c:61   UCX  WARN  unexpected tag-receive descriptor 0x155536ec3e40 was not matched
[1729787632.583633] [exp-2-42:586477:0]      tag_match.c:61   UCX  WARN  unexpected tag-receive descriptor 0x155536ef3fc0 was not matched
[1729787632.583634] [exp-2-42:586477:0]      tag_match.c:61   UCX  WARN  unexpected tag-receive descriptor 0x155536ee3f40 was not matched
[1729787632.583635] [exp-2-42:586477:0]      tag_match.c:61   UCX  WARN  unexpected tag-receive descriptor 0x155536eb3dc0 was not matched
[1729787632.583635] [exp-2-42:586477:0]      tag_match.c:61   UCX  WARN  unexpected tag-receive descriptor 0x155536ea3d40 was not matched
1.21654e+109
