3.05969e+109
[1729784514.271577] [exp-5-04:2002603:0]      tag_match.c:61   UCX  WARN  unexpected tag-receive descriptor 0x155537ea7a40 was not matched
[1729784514.271586] [exp-5-04:2002603:0]      tag_match.c:61   UCX  WARN  unexpected tag-receive descriptor 0x155537eb7ac0 was not matched
[1729784514.271588] [exp-5-04:2002603:0]      tag_match.c:61   UCX  WARN  unexpected tag-receive descriptor 0x155537e376c0 was not matched
[1729784514.271589] [exp-5-04:2002603:0]      tag_match.c:61   UCX  WARN  unexpected tag-receive descriptor 0x155537f27e40 was not matched
[1729784514.271590] [exp-5-04:2002603:0]      tag_match.c:61   UCX  WARN  unexpected tag-receive descriptor 0x155537f57fc0 was not matched
[1729784514.271591] [exp-5-04:2002603:0]      tag_match.c:61   UCX  WARN  unexpected tag-receive descriptor 0x155537e577c0 was not matched
2.33175e+109
