3.05969e+109
[1729784509.498014] [exp-2-42:575279:0]      tag_match.c:61   UCX  WARN  unexpected tag-receive descriptor 0x155535defac0 was not matched
[1729784509.498030] [exp-2-42:575279:0]      tag_match.c:61   UCX  WARN  unexpected tag-receive descriptor 0x155535e7ff40 was not matched
[1729784509.498032] [exp-2-42:575279:0]      tag_match.c:61   UCX  WARN  unexpected tag-receive descriptor 0x155535e2fcc0 was not matched
[1729784509.498033] [exp-2-42:575279:0]      tag_match.c:61   UCX  WARN  unexpected tag-receive descriptor 0x155535e8ffc0 was not matched
[1729784509.498034] [exp-2-42:575279:0]      tag_match.c:61   UCX  WARN  unexpected tag-receive descriptor 0x155535e0fbc0 was not matched
[1729784509.498035] [exp-2-42:575279:0]      tag_match.c:61   UCX  WARN  unexpected tag-receive descriptor 0x155535dffb40 was not matched
9.62848e+109
