3.05969e+109
[1729787638.200814] [exp-2-42:586483:0]      tag_match.c:61   UCX  WARN  unexpected tag-receive descriptor 0x155538eeb940 was not matched
[1729787638.200819] [exp-2-42:586483:0]      tag_match.c:61   UCX  WARN  unexpected tag-receive descriptor 0x155538f9bec0 was not matched
[1729787638.200820] [exp-2-42:586483:0]      tag_match.c:61   UCX  WARN  unexpected tag-receive descriptor 0x155538f2bb40 was not matched
[1729787638.200821] [exp-2-42:586483:0]      tag_match.c:61   UCX  WARN  unexpected tag-receive descriptor 0x155538ecb840 was not matched
[1729787638.200822] [exp-2-42:586483:0]      tag_match.c:61   UCX  WARN  unexpected tag-receive descriptor 0x155538ebb7c0 was not matched
[1729787638.200823] [exp-2-42:586483:0]      tag_match.c:61   UCX  WARN  unexpected tag-receive descriptor 0x155538f3bbc0 was not matched
1.667e+109
