3.05969e+109
[1729784503.677458] [exp-5-04:2002644:0]      tag_match.c:61   UCX  WARN  unexpected tag-receive descriptor 0x155530872f40 was not matched
[1729784503.677463] [exp-5-04:2002644:0]      tag_match.c:61   UCX  WARN  unexpected tag-receive descriptor 0x155530882fc0 was not matched
[1729784503.677464] [exp-5-04:2002644:0]      tag_match.c:61   UCX  WARN  unexpected tag-receive descriptor 0x155530862ec0 was not matched
[1729784503.677465] [exp-5-04:2002644:0]      tag_match.c:61   UCX  WARN  unexpected tag-receive descriptor 0x155530852e40 was not matched
[1729784503.677466] [exp-5-04:2002644:0]      tag_match.c:61   UCX  WARN  unexpected tag-receive descriptor 0x155530842dc0 was not matched
[1729784503.677467] [exp-5-04:2002644:0]      tag_match.c:61   UCX  WARN  unexpected tag-receive descriptor 0x155530832d40 was not matched
7.48125e+108
