3.05969e+109
[1729787615.365716] [exp-2-24:1853219:0]      tag_match.c:61   UCX  WARN  unexpected tag-receive descriptor 0x155537aeed40 was not matched
[1729787615.365722] [exp-2-24:1853219:0]      tag_match.c:61   UCX  WARN  unexpected tag-receive descriptor 0x155537afedc0 was not matched
[1729787615.365723] [exp-2-24:1853219:0]      tag_match.c:61   UCX  WARN  unexpected tag-receive descriptor 0x155537adecc0 was not matched
[1729787615.365724] [exp-2-24:1853219:0]      tag_match.c:61   UCX  WARN  unexpected tag-receive descriptor 0x155537aaeb40 was not matched
[1729787615.365725] [exp-2-24:1853219:0]      tag_match.c:61   UCX  WARN  unexpected tag-receive descriptor 0x155537acec40 was not matched
[1729787615.365726] [exp-2-24:1853219:0]      tag_match.c:61   UCX  WARN  unexpected tag-receive descriptor 0x155537b2ef40 was not matched
3.5397e+109
