1.2221e+219
[1729787990.175747] [exp-2-42:590546:0]      tag_match.c:61   UCX  WARN  unexpected tag-receive descriptor 0x1555316259c0 was not matched
[1729787990.175754] [exp-2-42:590546:0]      tag_match.c:61   UCX  WARN  unexpected tag-receive descriptor 0x1555317c66c0 was not matched
[1729787990.175755] [exp-2-42:590546:0]      tag_match.c:61   UCX  WARN  unexpected tag-receive descriptor 0x1555318a6dc0 was not matched
[1729787990.175756] [exp-2-42:590546:0]      tag_match.c:61   UCX  WARN  unexpected tag-receive descriptor 0x1555316f6040 was not matched
[1729787990.175757] [exp-2-42:590546:0]      tag_match.c:61   UCX  WARN  unexpected tag-receive descriptor 0x155531816940 was not matched
[1729787990.175758] [exp-2-42:590546:0]      tag_match.c:61   UCX  WARN  unexpected tag-receive descriptor 0x1555318c6ec0 was not matched
6.65477e+265
