1.2221e+219
[1729787994.547913] [exp-2-42:591013:0]      tag_match.c:61   UCX  WARN  unexpected tag-receive descriptor 0x155534c620c0 was not matched
[1729787994.547918] [exp-2-42:591013:0]      tag_match.c:61   UCX  WARN  unexpected tag-receive descriptor 0x1555350a42c0 was not matched
[1729787994.547919] [exp-2-42:591013:0]      tag_match.c:61   UCX  WARN  unexpected tag-receive descriptor 0x155534de2cc0 was not matched
[1729787994.547920] [exp-2-42:591013:0]      tag_match.c:61   UCX  WARN  unexpected tag-receive descriptor 0x155535214e40 was not matched
[1729787994.547921] [exp-2-42:591013:0]      tag_match.c:61   UCX  WARN  unexpected tag-receive descriptor 0x155535074140 was not matched
[1729787994.547922] [exp-2-42:591013:0]      tag_match.c:61   UCX  WARN  unexpected tag-receive descriptor 0x155535244fc0 was not matched
1.00807e+265
