1.2221e+219
[1729787995.024400] [exp-4-56:916168:0]      tag_match.c:61   UCX  WARN  unexpected tag-receive descriptor 0x1555389f2240 was not matched
[1729787995.024409] [exp-4-56:916168:0]      tag_match.c:61   UCX  WARN  unexpected tag-receive descriptor 0x155538a12340 was not matched
[1729787995.024410] [exp-4-56:916168:0]      tag_match.c:61   UCX  WARN  unexpected tag-receive descriptor 0x155538b02ac0 was not matched
[1729787995.024412] [exp-4-56:916168:0]      tag_match.c:61   UCX  WARN  unexpected tag-receive descriptor 0x155538a022c0 was not matched
[1729787995.024413] [exp-4-56:916168:0]      tag_match.c:61   UCX  WARN  unexpected tag-receive descriptor 0x155538981ec0 was not matched
[1729787995.024414] [exp-4-56:916168:0]      tag_match.c:61   UCX  WARN  unexpected tag-receive descriptor 0x1555389b2040 was not matched
2.78889e+265
