1.82759e+218
[1729649384.491273] [exp-5-11:1648633:0]      tag_match.c:61   UCX  WARN  unexpected tag-receive descriptor 0x1555314adec0 was not matched
[1729649384.491278] [exp-5-11:1648633:0]      tag_match.c:61   UCX  WARN  unexpected tag-receive descriptor 0x1555313bd740 was not matched
[1729649384.491279] [exp-5-11:1648633:0]      tag_match.c:61   UCX  WARN  unexpected tag-receive descriptor 0x15553148ddc0 was not matched
[1729649384.491280] [exp-5-11:1648633:0]      tag_match.c:61   UCX  WARN  unexpected tag-receive descriptor 0x15553140d9c0 was not matched
[1729649384.491281] [exp-5-11:1648633:0]      tag_match.c:61   UCX  WARN  unexpected tag-receive descriptor 0x1555313ad6c0 was not matched
[1729649384.491282] [exp-5-11:1648633:0]      tag_match.c:61   UCX  WARN  unexpected tag-receive descriptor 0x15553144dbc0 was not matched
2.32051e+218
