1.82759e+218
[1729649387.032707] [exp-5-04:2159881:0]      tag_match.c:61   UCX  WARN  unexpected tag-receive descriptor 0x155536ec3e40 was not matched
[1729649387.032713] [exp-5-04:2159881:0]      tag_match.c:61   UCX  WARN  unexpected tag-receive descriptor 0x155536e23940 was not matched
[1729649387.032714] [exp-5-04:2159881:0]      tag_match.c:61   UCX  WARN  unexpected tag-receive descriptor 0x155536e93cc0 was not matched
[1729649387.032715] [exp-5-04:2159881:0]      tag_match.c:61   UCX  WARN  unexpected tag-receive descriptor 0x155536ea3d40 was not matched
[1729649387.032716] [exp-5-04:2159881:0]      tag_match.c:61   UCX  WARN  unexpected tag-receive descriptor 0x155536ef3fc0 was not matched
[1729649387.032717] [exp-5-04:2159881:0]      tag_match.c:61   UCX  WARN  unexpected tag-receive descriptor 0x155536e43a40 was not matched
5.41493e+218
