1.82759e+218
[1729641762.471693] [exp-1-13:3445068:0]      tag_match.c:61   UCX  WARN  unexpected tag-receive descriptor 0x15553315cec0 was not matched
[1729641762.471700] [exp-1-13:3445068:0]      tag_match.c:61   UCX  WARN  unexpected tag-receive descriptor 0x1555330ecb40 was not matched
[1729641762.471702] [exp-1-13:3445068:0]      tag_match.c:61   UCX  WARN  unexpected tag-receive descriptor 0x155532dcb240 was not matched
[1729641762.471703] [exp-1-13:3445068:0]      tag_match.c:61   UCX  WARN  unexpected tag-receive descriptor 0x1555329c9240 was not matched
[1729641762.471704] [exp-1-13:3445068:0]      tag_match.c:61   UCX  WARN  unexpected tag-receive descriptor 0x155532535dc0 was not matched
[1729641762.471704] [exp-1-13:3445068:0]      tag_match.c:61   UCX  WARN  unexpected tag-receive descriptor 0x155532555ec0 was not matched
9.01783e+217
