2.45947e+137
[1730234620.058747] [exp-2-36:3414754:0]      tag_match.c:61   UCX  WARN  unexpected tag-receive descriptor 0x1555360f8240 was not matched
[1730234620.058755] [exp-2-36:3414754:0]      tag_match.c:61   UCX  WARN  unexpected tag-receive descriptor 0x1555361d8940 was not matched
[1730234620.058756] [exp-2-36:3414754:0]      tag_match.c:61   UCX  WARN  unexpected tag-receive descriptor 0x155536158540 was not matched
[1730234620.058757] [exp-2-36:3414754:0]      tag_match.c:61   UCX  WARN  unexpected tag-receive descriptor 0x155535f37440 was not matched
[1730234620.058758] [exp-2-36:3414754:0]      tag_match.c:61   UCX  WARN  unexpected tag-receive descriptor 0x155535ec70c0 was not matched
[1730234620.058759] [exp-2-36:3414754:0]      tag_match.c:61   UCX  WARN  unexpected tag-receive descriptor 0x155536007ac0 was not matched
1.07151e+301
