2.45947e+137
[1730234619.673327] [exp-2-30:3638787:0]      tag_match.c:61   UCX  WARN  unexpected tag-receive descriptor 0x155533a76540 was not matched
[1730234619.673335] [exp-2-30:3638787:0]      tag_match.c:61   UCX  WARN  unexpected tag-receive descriptor 0x155533a96640 was not matched
[1730234619.673337] [exp-2-30:3638787:0]      tag_match.c:61   UCX  WARN  unexpected tag-receive descriptor 0x155533cb7740 was not matched
[1730234619.673338] [exp-2-30:3638787:0]      tag_match.c:61   UCX  WARN  unexpected tag-receive descriptor 0x155533bd7040 was not matched
[1730234619.673341] [exp-2-30:3638787:0]      tag_match.c:61   UCX  WARN  unexpected tag-receive descriptor 0x155533af6940 was not matched
[1730234619.673342] [exp-2-30:3638787:0]      tag_match.c:61   UCX  WARN  unexpected tag-receive descriptor 0x155533b96e40 was not matched
1.07151e+301
