2.45947e+137
[1730234620.260310] [exp-2-55:1037965:0]      tag_match.c:61   UCX  WARN  unexpected tag-receive descriptor 0x155531e1e740 was not matched
[1730234620.260317] [exp-2-55:1037965:0]      tag_match.c:61   UCX  WARN  unexpected tag-receive descriptor 0x1555322508c0 was not matched
[1730234620.260319] [exp-2-55:1037965:0]      tag_match.c:61   UCX  WARN  unexpected tag-receive descriptor 0x1555322d0cc0 was not matched
[1730234620.260319] [exp-2-55:1037965:0]      tag_match.c:61   UCX  WARN  unexpected tag-receive descriptor 0x155531e0e6c0 was not matched
[1730234620.260320] [exp-2-55:1037965:0]      tag_match.c:61   UCX  WARN  unexpected tag-receive descriptor 0x15553202f7c0 was not matched
[1730234620.260321] [exp-2-55:1037965:0]      tag_match.c:61   UCX  WARN  unexpected tag-receive descriptor 0x155532461940 was not matched
1.07151e+301
