1.2221e+219
[1729788260.893560] [exp-2-42:593274:0]      tag_match.c:61   UCX  WARN  unexpected tag-receive descriptor 0x1555359f6bc0 was not matched
[1729788260.893566] [exp-2-42:593274:0]      tag_match.c:61   UCX  WARN  unexpected tag-receive descriptor 0x155535886040 was not matched
[1729788260.893567] [exp-2-42:593274:0]      tag_match.c:61   UCX  WARN  unexpected tag-receive descriptor 0x1555358c6240 was not matched
[1729788260.893568] [exp-2-42:593274:0]      tag_match.c:61   UCX  WARN  unexpected tag-receive descriptor 0x1555357355c0 was not matched
[1729788260.893569] [exp-2-42:593274:0]      tag_match.c:61   UCX  WARN  unexpected tag-receive descriptor 0x1555359767c0 was not matched
[1729788260.893570] [exp-2-42:593274:0]      tag_match.c:61   UCX  WARN  unexpected tag-receive descriptor 0x1555357958c0 was not matched
2.06247e+219
