1.2221e+219
[1729788322.324202] [exp-2-02:955176:0]      tag_match.c:61   UCX  WARN  unexpected tag-receive descriptor 0x155531c0f840 was not matched
[1729788322.324208] [exp-2-02:955176:0]      tag_match.c:61   UCX  WARN  unexpected tag-receive descriptor 0x155531cdfec0 was not matched
[1729788322.324210] [exp-2-02:955176:0]      tag_match.c:61   UCX  WARN  unexpected tag-receive descriptor 0x155531c3f9c0 was not matched
[1729788322.324211] [exp-2-02:955176:0]      tag_match.c:61   UCX  WARN  unexpected tag-receive descriptor 0x155531adeec0 was not matched
[1729788322.324212] [exp-2-02:955176:0]      tag_match.c:61   UCX  WARN  unexpected tag-receive descriptor 0x1555319ee740 was not matched
[1729788322.324213] [exp-2-02:955176:0]      tag_match.c:61   UCX  WARN  unexpected tag-receive descriptor 0x155531c2f940 was not matched
6.28352e+218
