1.2221e+219
[1729788260.046030] [exp-2-42:593268:0]      tag_match.c:61   UCX  WARN  unexpected tag-receive descriptor 0x155531fc8540 was not matched
[1729788260.046039] [exp-2-42:593268:0]      tag_match.c:61   UCX  WARN  unexpected tag-receive descriptor 0x155531b46140 was not matched
[1729788260.046041] [exp-2-42:593268:0]      tag_match.c:61   UCX  WARN  unexpected tag-receive descriptor 0x155531d87340 was not matched
[1729788260.046041] [exp-2-42:593268:0]      tag_match.c:61   UCX  WARN  unexpected tag-receive descriptor 0x155531ca6c40 was not matched
[1729788260.046042] [exp-2-42:593268:0]      tag_match.c:61   UCX  WARN  unexpected tag-receive descriptor 0x155531e579c0 was not matched
[1729788260.046043] [exp-2-42:593268:0]      tag_match.c:61   UCX  WARN  unexpected tag-receive descriptor 0x155531f07f40 was not matched
1.44397e+219
