1.2221e+219
[1730231582.730837] [exp-1-52:3661519:0]      tag_match.c:61   UCX  WARN  unexpected tag-receive descriptor 0x155531f24ec0 was not matched
[1730231582.730844] [exp-1-52:3661519:0]      tag_match.c:61   UCX  WARN  unexpected tag-receive descriptor 0x1555318005c0 was not matched
[1730231582.730845] [exp-1-52:3661519:0]      tag_match.c:61   UCX  WARN  unexpected tag-receive descriptor 0x1555322c7bc0 was not matched
[1730231582.730846] [exp-1-52:3661519:0]      tag_match.c:61   UCX  WARN  unexpected tag-receive descriptor 0x155531c839c0 was not matched
[1730231582.730847] [exp-1-52:3661519:0]      tag_match.c:61   UCX  WARN  unexpected tag-receive descriptor 0x1555325f9540 was not matched
[1730231582.730848] [exp-1-52:3661519:0]      tag_match.c:61   UCX  WARN  unexpected tag-receive descriptor 0x15553293af40 was not matched
5.32475e+265
