1.2221e+219
[1730231581.476367] [exp-1-34:1042591:0]      tag_match.c:61   UCX  WARN  unexpected tag-receive descriptor 0x155533595fc0 was not matched
[1730231581.476372] [exp-1-34:1042591:0]      tag_match.c:61   UCX  WARN  unexpected tag-receive descriptor 0x15553296eec0 was not matched
[1730231581.476374] [exp-1-34:1042591:0]      tag_match.c:61   UCX  WARN  unexpected tag-receive descriptor 0x15553295ee40 was not matched
[1730231581.476374] [exp-1-34:1042591:0]      tag_match.c:61   UCX  WARN  unexpected tag-receive descriptor 0x1555330334c0 was not matched
[1730231581.476375] [exp-1-34:1042591:0]      tag_match.c:61   UCX  WARN  unexpected tag-receive descriptor 0x155532fe3240 was not matched
[1730231581.476376] [exp-1-34:1042591:0]      tag_match.c:61   UCX  WARN  unexpected tag-receive descriptor 0x155532c103c0 was not matched
4.06077e+265
