1.2221e+219
[1730231513.649882] [exp-1-34:1041648:0]      tag_match.c:61   UCX  WARN  unexpected tag-receive descriptor 0x15553580f9c0 was not matched
[1730231513.649888] [exp-1-34:1041648:0]      tag_match.c:61   UCX  WARN  unexpected tag-receive descriptor 0x155535940340 was not matched
[1730231513.649889] [exp-1-34:1041648:0]      tag_match.c:61   UCX  WARN  unexpected tag-receive descriptor 0x155536a6ac40 was not matched
[1730231513.649890] [exp-1-34:1041648:0]      tag_match.c:61   UCX  WARN  unexpected tag-receive descriptor 0x155535b724c0 was not matched
[1730231513.649891] [exp-1-34:1041648:0]      tag_match.c:61   UCX  WARN  unexpected tag-receive descriptor 0x155535d131c0 was not matched
[1730231513.649892] [exp-1-34:1041648:0]      tag_match.c:61   UCX  WARN  unexpected tag-receive descriptor 0x155535a40b40 was not matched
2.92963e+265
